status=pass
fixture_id=urllib3_W03_top_contributor_v1
ancestry_verified=true
non_merge_commits=16
human_developers=9
human_commits=14
human_added=703
human_deleted=355
human_churn=1058
excluded_bot_identities=1
excluded_bot_commits=2
excluded_bot_churn=18
binary_file_changes=0
metric_value_ppm=307183
analysis_policy_hash=4e81843340041da45a13ebb742a0c5fdfebdf6c8f5e64a7d6629f58990b287a4
verifier_source_hash=b4e8171dfe228aec96c8e67de526f037af253bc85bd502cc6bc5c96991aedb19
evidence_artifact_hash=a41205eff782ce4af65f345e0afb97f16fd8677af215c7bdd06f460ce9602272
evidence_manifest_hash=df9e35adde01937b12da29eb21a3135268705d84168f9f1159a086b769d583ec
ledger_submission_hash=077e65f900aedc0f066cc01725a62f721c314a0932cdcd3b6f722c0c17a14fbe
schema_validation_failures=0
fixture_validation_failures=0
cross_contract_failures=0
