This is XeTeX, Version 3.141592653-2.6-0.999997 (MiKTeX 25.12) (preloaded format=xelatex 2026.2.7)  26 FEB 2026 20:01
entering extended mode
 restricted \write18 enabled.
 file:line:error style messages enabled.
 %&-line parsing enabled.
**"./report - 25.02.2026.tex"
(report - 25.02.2026.tex
LaTeX2e <2025-11-01>
L3 programming layer <2025-12-24>
(C:\Users\alibk\AppData\Local\Programs\MiKTeX\tex/latex/base\article.cls
Document Class: article 2025/01/22 v1.4n Standard LaTeX document class
(C:\Users\alibk\AppData\Local\Programs\MiKTeX\tex/latex/base\size11.clo
File: size11.clo 2025/01/22 v1.4n Standard LaTeX file (size option)
)
\c@part=\count271
\c@section=\count272
\c@subsection=\count273
\c@subsubsection=\count274
\c@paragraph=\count275
\c@subparagraph=\count276
\c@figure=\count277
\c@table=\count278
\abovecaptionskip=\skip49
\belowcaptionskip=\skip50
\bibindent=\dimen148
)
(C:\Users\alibk\AppData\Local\Programs\MiKTeX\tex/latex/base\inputenc.sty
Package: inputenc 2024/02/08 v1.3d Input encoding file
\inpenc@prehook=\toks17
\inpenc@posthook=\toks18


Package inputenc Warning: inputenc package ignored with utf8 based engines.

) (C:\Users\alibk\AppData\Local\Programs\MiKTeX\tex/latex/base\fontenc.sty
Package: fontenc 2025/07/18 v2.1d Standard LaTeX package
LaTeX Font Info:    Trying to load font information for T1+lmr on input line 11
6.

(C:\Users\alibk\AppData\Local\Programs\MiKTeX\tex/latex/lm\t1lmr.fd
File: t1lmr.fd 2015/05/01 v1.6.1 Font defs for Latin Modern
))
(C:\Users\alibk\AppData\Local\Programs\MiKTeX\tex/latex/geometry\geometry.sty
Package: geometry 2020/01/02 v5.9 Page Geometry

(C:\Users\alibk\AppData\Local\Programs\MiKTeX\tex/latex/graphics\keyval.sty
Package: keyval 2022/05/29 v1.15 key=value parser (DPC)
\KV@toks@=\toks19
)
(C:\Users\alibk\AppData\Local\Programs\MiKTeX\tex/generic/iftex\ifvtex.sty
Package: ifvtex 2019/10/25 v1.7 ifvtex legacy package. Use iftex instead.

(C:\Users\alibk\AppData\Local\Programs\MiKTeX\tex/generic/iftex\iftex.sty
Package: iftex 2024/12/12 v1.0g TeX engine tests
))
\Gm@cnth=\count279
\Gm@cntv=\count280
\c@Gm@tempcnt=\count281
\Gm@bindingoffset=\dimen149
\Gm@wd@mp=\dimen150
\Gm@odd@mp=\dimen151
\Gm@even@mp=\dimen152
\Gm@layoutwidth=\dimen153
\Gm@layoutheight=\dimen154
\Gm@layouthoffset=\dimen155
\Gm@layoutvoffset=\dimen156
\Gm@dimlist=\toks20

(C:\Users\alibk\AppData\Local\Programs\MiKTeX\tex/latex/geometry\geometry.cfg))
(C:\Users\alibk\AppData\Local\Programs\MiKTeX\tex/latex/fvextra\fvextra.sty
Package: fvextra 2025/05/29 v1.13.2 fvextra - extensions and patches for fancyv
rb

(C:\Users\alibk\AppData\Local\Programs\MiKTeX\tex/latex/etoolbox\etoolbox.sty
Package: etoolbox 2025/10/02 v2.5m e-TeX tools for LaTeX (JAW)
\etb@tempcnta=\count282
)
(C:\Users\alibk\AppData\Local\Programs\MiKTeX\tex/latex/fancyvrb\fancyvrb.sty
Package: fancyvrb 2025/07/28 4.6 verbatim text (tvz,hv)
\FV@CodeLineNo=\count283
\FV@InFile=\read2
\FV@TabBox=\box53
\c@FancyVerbLine=\count284
\FV@StepNumber=\count285
\FV@OutFile=\write3
)
(C:\Users\alibk\AppData\Local\Programs\MiKTeX\tex/generic/pdftexcmds\pdftexcmds
.sty
Package: pdftexcmds 2020-06-27 v0.33 Utility functions of pdfTeX for LuaTeX (HO
)

(C:\Users\alibk\AppData\Local\Programs\MiKTeX\tex/generic/infwarerr\infwarerr.s
ty
Package: infwarerr 2019/12/03 v1.5 Providing info/warning/error messages (HO)
)
(C:\Users\alibk\AppData\Local\Programs\MiKTeX\tex/generic/ltxcmds\ltxcmds.sty
Package: ltxcmds 2023-12-04 v1.26 LaTeX kernel commands for general use (HO)
)
Package pdftexcmds Info: \pdf@primitive is available.
Package pdftexcmds Info: \pdf@ifprimitive is available.
Package pdftexcmds Info: \pdfdraftmode not found.
) (C:\Users\alibk\AppData\Local\Programs\MiKTeX\tex/latex/upquote\upquote.sty
Package: upquote 2012/04/19 v1.3 upright-quote and grave-accent glyphs in verba
tim

(C:\Users\alibk\AppData\Local\Programs\MiKTeX\tex/latex/base\textcomp.sty
Package: textcomp 2024/04/24 v2.1b Standard LaTeX package
))
(C:\Users\alibk\AppData\Local\Programs\MiKTeX\tex/latex/lineno\lineno.sty
Package: lineno 2026/02/16 line numbers on paragraphs v5.7

(C:\Users\alibk\AppData\Local\Programs\MiKTeX\tex/latex/kvoptions\kvoptions.sty
Package: kvoptions 2022-06-15 v3.15 Key value format for package options (HO)

(C:\Users\alibk\AppData\Local\Programs\MiKTeX\tex/latex/kvsetkeys\kvsetkeys.sty
Package: kvsetkeys 2022-10-05 v1.19 Key value parser (HO)
))
\linenopenalty=\count286
\output=\toks21
\linenoprevgraf=\count287
\linenumbersep=\dimen157
\linenumberwidth=\dimen158
\c@linenumber=\count288
\c@pagewiselinenumber=\count289
\c@LN@truepage=\count290
\c@internallinenumber=\count291
\c@internallinenumbers=\count292
\quotelinenumbersep=\dimen159
\bframerule=\dimen160
\bframesep=\dimen161
\bframebox=\box54
)
\c@FancyVerbWriteLine=\count293
\c@FancyVerbBufferLine=\count294
\c@FV@TrueTabGroupLevel=\count295
\c@FV@TrueTabCounter=\count296
\FV@TabBox@Group=\box55
\FV@bgcolorstructbox=\box56
\FV@TmpLength=\skip51
\c@FV@HighlightLinesStart=\count297
\c@FV@HighlightLinesStop=\count298
\FV@LoopCount=\count299
\FV@NCharsBox=\box57
\FV@BreakIndent=\dimen162
\FV@BreakIndentNChars=\count300
\FV@BreakSymbolSepLeft=\dimen163
\FV@BreakSymbolSepLeftNChars=\count301
\FV@BreakSymbolSepRight=\dimen164
\FV@BreakSymbolSepRightNChars=\count302
\FV@BreakSymbolIndentLeft=\dimen165
\FV@BreakSymbolIndentLeftNChars=\count303
\FV@BreakSymbolIndentRight=\dimen166
\FV@BreakSymbolIndentRightNChars=\count304
\c@FancyVerbLineBreakLast=\count305
\FV@LineBox=\box58
\FV@LineIndentBox=\box59
\c@FV@BreakBufferDepth=\count306
\FV@LineWidth=\dimen167
)
(C:\Users\alibk\AppData\Local\Programs\MiKTeX\tex/latex/l3backend\l3backend-xet
ex.def
File: l3backend-xetex.def 2025-10-09 L3 backend support: XeTeX
\g__graphics_track_int=\count307
\g__pdfannot_backend_int=\count308
\g__pdfannot_backend_link_int=\count309
) (report - 25.02.2026.aux)
\openout1 = `"report - 25.02.2026.aux"'.

LaTeX Font Info:    Checking defaults for OML/cmm/m/it on input line 15.
LaTeX Font Info:    ... okay on input line 15.
LaTeX Font Info:    Checking defaults for OMS/cmsy/m/n on input line 15.
LaTeX Font Info:    ... okay on input line 15.
LaTeX Font Info:    Checking defaults for OT1/cmr/m/n on input line 15.
LaTeX Font Info:    ... okay on input line 15.
LaTeX Font Info:    Checking defaults for T1/cmr/m/n on input line 15.
LaTeX Font Info:    ... okay on input line 15.
LaTeX Font Info:    Checking defaults for TS1/cmr/m/n on input line 15.
LaTeX Font Info:    ... okay on input line 15.
LaTeX Font Info:    Checking defaults for TU/lmr/m/n on input line 15.
LaTeX Font Info:    ... okay on input line 15.
LaTeX Font Info:    Checking defaults for OMX/cmex/m/n on input line 15.
LaTeX Font Info:    ... okay on input line 15.
LaTeX Font Info:    Checking defaults for U/cmr/m/n on input line 15.
LaTeX Font Info:    ... okay on input line 15.

*geometry* driver: auto-detecting
*geometry* detected driver: xetex
*geometry* verbose mode - [ preamble ] result:
* driver: xetex
* paper: a4paper
* layout: <same size as paper>
* layoutoffset:(h,v)=(0.0pt,0.0pt)
* modes: 
* h-part:(L,W,R)=(72.26999pt, 452.9679pt, 72.26999pt)
* v-part:(T,H,B)=(72.26999pt, 700.50687pt, 72.26999pt)
* \paperwidth=597.50787pt
* \paperheight=845.04684pt
* \textwidth=452.9679pt
* \textheight=700.50687pt
* \oddsidemargin=0.0pt
* \evensidemargin=0.0pt
* \topmargin=-37.0pt
* \headheight=12.0pt
* \headsep=25.0pt
* \topskip=11.0pt
* \footskip=30.0pt
* \marginparwidth=50.0pt
* \marginparsep=10.0pt
* \columnsep=10.0pt
* \skip\footins=10.0pt plus 4.0pt minus 2.0pt
* \hoffset=0.0pt
* \voffset=0.0pt
* \mag=1000
* \@twocolumnfalse
* \@twosidefalse
* \@mparswitchfalse
* \@reversemarginfalse
* (1in=72.27pt=25.4mm, 1cm=28.453pt)

LaTeX Font Info:    External font `cmex10' loaded for size
(Font)              <12> on input line 16.
LaTeX Font Info:    External font `cmex10' loaded for size
(Font)              <8> on input line 16.
LaTeX Font Info:    External font `cmex10' loaded for size
(Font)              <6> on input line 16.

LaTeX Warning: No \author given.

LaTeX Font Info:    Trying to load font information for T1+lmtt on input line 1
8.
(C:\Users\alibk\AppData\Local\Programs\MiKTeX\tex/latex/lm\t1lmtt.fd
File: t1lmtt.fd 2015/05/01 v1.6.1 Font defs for Latin Modern
)
Missing character: There is no ✅ in font ec-lmtt10!
Missing character: There is no ’ in font ec-lmtt10!
Missing character: There is no — in font ec-lmtt10!
LaTeX Font Info:    Trying to load font information for TS1+lmtt on input line 
19.
(C:\Users\alibk\AppData\Local\Programs\MiKTeX\tex/latex/lm\ts1lmtt.fd
File: ts1lmtt.fd 2015/05/01 v1.6.1 Font defs for Latin Modern
)
Missing character: There is no ’ in font ec-lmtt10!
LaTeX Font Info:    External font `cmex10' loaded for size
(Font)              <9> on input line 19.
LaTeX Font Info:    External font `cmex10' loaded for size
(Font)              <5> on input line 19.
Missing character: There is no ✅ in font ec-lmtt10!
Missing character: There is no ’ in font ec-lmtt10!
Missing character: There is no — in font ec-lmtt10!
Missing character: There is no ’ in font ec-lmtt10!
Missing character: There is no ’ in font ec-lmtt10!
Missing character: There is no “ in font ec-lmtt10!
Missing character: There is no ” in font ec-lmtt10!
Missing character: There is no ’ in font ec-lmtt10!
Missing character: There is no “ in font ec-lmtt10!
Missing character: There is no ” in font ec-lmtt10!
Missing character: There is no ✅ in font ec-lmtt10!
Missing character: There is no ✅ in font ec-lmtt10!
Missing character: There is no ✅ in font ec-lmtt10!
Missing character: There is no ✅ in font ec-lmtt10!
Missing character: There is no ✅ in font ec-lmtt10!
Missing character: There is no ✅ in font ec-lmtt10!
Missing character: There is no ✅ in font ec-lmtt10!
Missing character: There is no ✅ in font ec-lmtt10!
Missing character: There is no ⛔ in font ec-lmtt10!
Missing character: There is no ⛔ in font ec-lmtt10!
Missing character: There is no ⛔ in font ec-lmtt10!
Missing character: There is no ⛔ in font ec-lmtt10!
Missing character: There is no 🟡 in font ec-lmtt10!
Missing character: There is no 🟡 in font ec-lmtt10!
Missing character: There is no “ in font ec-lmtt10!
Missing character: There is no ” in font ec-lmtt10!
Missing character: There is no “ in font ec-lmtt10!
Missing character: There is no ” in font ec-lmtt10!
Missing character: There is no ✅ in font ec-lmtt10!
Missing character: There is no ✅ in font ec-lmtt10!
Missing character: There is no “ in font ec-lmtt10!
Missing character: There is no ” in font ec-lmtt10!
Missing character: There is no “ in font ec-lmtt10!
Missing character: There is no ” in font ec-lmtt10!
[1

]
Missing character: There is no ’ in font ec-lmtt10!
Missing character: There is no ⚠ in font ec-lmtt10!
Missing character: There is no ️ in font ec-lmtt10!
Missing character: There is no ’ in font ec-lmtt10!
Missing character: There is no ⚠ in font ec-lmtt10!
Missing character: There is no ️ in font ec-lmtt10!
Missing character: There is no ’ in font ec-lmtt10!
Missing character: There is no ’ in font ec-lmtt10!
Missing character: There is no ’ in font ec-lmtt10!
Missing character: There is no — in font ec-lmtt10!
Missing character: There is no ’ in font ec-lmtt10!
Missing character: There is no ’ in font ec-lmtt10!
Missing character: There is no ’ in font ec-lmtt10!
Missing character: There is no ’ in font ec-lmtt10!
Missing character: There is no — in font ec-lmtt10!
Missing character: There is no ’ in font ec-lmtt10!
Missing character: There is no – in font ec-lmtt10!
Missing character: There is no ’ in font ec-lmtt10!
Missing character: There is no – in font ec-lmtt10!
Missing character: There is no ’ in font ec-lmtt10!
Missing character: There is no ✅ in font ec-lmtt10!
Missing character: There is no ✅ in font ec-lmtt10!
Missing character: There is no → in font ec-lmtt10!
Missing character: There is no ✅ in font ec-lmtt10!
Missing character: There is no → in font ec-lmtt10!
Missing character: There is no ✅ in font ec-lmtt10!
Missing character: There is no → in font ec-lmtt10!
Missing character: There is no ✅ in font ec-lmtt10!
Missing character: There is no → in font ec-lmtt10!
Missing character: There is no ✅ in font ec-lmtt10!
Missing character: There is no → in font ec-lmtt10!
Missing character: There is no ✅ in font ec-lmtt10!
Missing character: There is no → in font ec-lmtt10!
Missing character: There is no ✅ in font ec-lmtt10!
Missing character: There is no → in font ec-lmtt10!
Missing character: There is no ✅ in font ec-lmtt10!
Missing character: There is no → in font ec-lmtt10!
Missing character: There is no ✅ in font ec-lmtt10!
Missing character: There is no → in font ec-lmtt10!
Missing character: There is no ✅ in font ec-lmtt10!
Missing character: There is no → in font ec-lmtt10!
Missing character: There is no ✅ in font ec-lmtt10!
Missing character: There is no → in font ec-lmtt10!
Missing character: There is no ✅ in font ec-lmtt10!
Missing character: There is no → in font ec-lmtt10!
Missing character: There is no ✅ in font ec-lmtt10!
Missing character: There is no → in font ec-lmtt10!
Missing character: There is no ✅ in font ec-lmtt10!
Missing character: There is no → in font ec-lmtt10!
Missing character: There is no ✅ in font ec-lmtt10!
Missing character: There is no ✅ in font ec-lmtt10!
Missing character: There is no ✅ in font ec-lmtt10!
Missing character: There is no ✅ in font ec-lmtt10!
Missing character: There is no ✅ in font ec-lmtt10!
Missing character: There is no ✅ in font ec-lmtt10!
Missing character: There is no ✅ in font ec-lmtt10!
Missing character: There is no ✅ in font ec-lmtt10!
Missing character: There is no ✅ in font ec-lmtt10!
Missing character: There is no ✅ in font ec-lmtt10!
Missing character: There is no ✅ in font ec-lmtt10!
Missing character: There is no “ in font ec-lmtt10!
Missing character: There is no ’ in font ec-lmtt10!
Missing character: There is no ” in font ec-lmtt10!
Missing character: There is no “ in font ec-lmtt10!
Missing character: There is no ’ in font ec-lmtt10!
Missing character: There is no ” in font ec-lmtt10!
Missing character: There is no “ in font ec-lmtt10!
Missing character: There is no ” in font ec-lmtt10!
Missing character: There is no “ in font ec-lmtt10!
Missing character: There is no ” in font ec-lmtt10!
Missing character: There is no ’ in font ec-lmtt10!
Missing character: There is no ’ in font ec-lmtt10!
[2]
Missing character: There is no “ in font ec-lmtt10!
Missing character: There is no ” in font ec-lmtt10!
Missing character: There is no “ in font ec-lmtt10!
Missing character: There is no ” in font ec-lmtt10!
Missing character: There is no — in font ec-lmtt10!
Missing character: There is no ’ in font ec-lmtt10!
Missing character: There is no — in font ec-lmtt10!
Missing character: There is no ’ in font ec-lmtt10!
Missing character: There is no “ in font ec-lmtt10!
Missing character: There is no ” in font ec-lmtt10!
Missing character: There is no — in font ec-lmtt10!
Missing character: There is no “ in font ec-lmtt10!
Missing character: There is no ” in font ec-lmtt10!
Missing character: There is no — in font ec-lmtt10!
Missing character: There is no “ in font ec-lmtt10!
Missing character: There is no ” in font ec-lmtt10!
Missing character: There is no “ in font ec-lmtt10!
Missing character: There is no ” in font ec-lmtt10!
Missing character: There is no “ in font ec-lmtt10!
Missing character: There is no ” in font ec-lmtt10!
Missing character: There is no “ in font ec-lmtt10!
Missing character: There is no ” in font ec-lmtt10!
Missing character: There is no — in font ec-lmtt10!
Missing character: There is no — in font ec-lmtt10!
Missing character: There is no ’ in font ec-lmtt10!
Missing character: There is no ’ in font ec-lmtt10!
Missing character: There is no — in font ec-lmtt10!
Missing character: There is no “ in font ec-lmtt10!
Missing character: There is no ” in font ec-lmtt10!
Missing character: There is no — in font ec-lmtt10!
Missing character: There is no “ in font ec-lmtt10!
Missing character: There is no ” in font ec-lmtt10!
Missing character: There is no “ in font ec-lmtt10!
Missing character: There is no ” in font ec-lmtt10!
Missing character: There is no — in font ec-lmtt10!
Missing character: There is no ’ in font ec-lmtt10!
Missing character: There is no “ in font ec-lmtt10!
Missing character: There is no ” in font ec-lmtt10!
Missing character: There is no — in font ec-lmtt10!
Missing character: There is no ’ in font ec-lmtt10!
Missing character: There is no “ in font ec-lmtt10!
Missing character: There is no ” in font ec-lmtt10!
Missing character: There is no “ in font ec-lmtt10!
Missing character: There is no ” in font ec-lmtt10!
Missing character: There is no “ in font ec-lmtt10!
Missing character: There is no ” in font ec-lmtt10!
Missing character: There is no “ in font ec-lmtt10!
Missing character: There is no ” in font ec-lmtt10!
Missing character: There is no ’ in font ec-lmtt10!
Missing character: There is no ’ in font ec-lmtt10!
Missing character: There is no — in font ec-lmtt10!
Missing character: There is no — in font ec-lmtt10!
Missing character: There is no “ in font ec-lmtt10!
Missing character: There is no ” in font ec-lmtt10!
Missing character: There is no “ in font ec-lmtt10!
Missing character: There is no ” in font ec-lmtt10!
Missing character: There is no — in font ec-lmtt10!
Missing character: There is no ’ in font ec-lmtt10!
Missing character: There is no — in font ec-lmtt10!
Missing character: There is no ’ in font ec-lmtt10!
[3]
Missing character: There is no … in font ec-lmtt10!
Missing character: There is no → in font ec-lmtt10!
Missing character: There is no → in font ec-lmtt10!
Missing character: There is no → in font ec-lmtt10!
Missing character: There is no … in font ec-lmtt10!
Missing character: There is no → in font ec-lmtt10!
Missing character: There is no → in font ec-lmtt10!
Missing character: There is no → in font ec-lmtt10!
Missing character: There is no “ in font ec-lmtt10!
Missing character: There is no ” in font ec-lmtt10!
Missing character: There is no “ in font ec-lmtt10!
Missing character: There is no ” in font ec-lmtt10!
Missing character: There is no — in font ec-lmtt10!
Missing character: There is no — in font ec-lmtt10!
Missing character: There is no “ in font ec-lmtt10!
Missing character: There is no ” in font ec-lmtt10!
Missing character: There is no “ in font ec-lmtt10!
Missing character: There is no ” in font ec-lmtt10!
Missing character: There is no “ in font ec-lmtt10!
Missing character: There is no ” in font ec-lmtt10!
Missing character: There is no “ in font ec-lmtt10!
Missing character: There is no ” in font ec-lmtt10!
Missing character: There is no — in font ec-lmtt10!
Missing character: There is no “ in font ec-lmtt10!
Missing character: There is no ” in font ec-lmtt10!
Missing character: There is no — in font ec-lmtt10!
Missing character: There is no “ in font ec-lmtt10!
Missing character: There is no ” in font ec-lmtt10!
Missing character: There is no — in font ec-lmtt10!
Missing character: There is no — in font ec-lmtt10!
Missing character: There is no “ in font ec-lmtt10!
Missing character: There is no ” in font ec-lmtt10!
Missing character: There is no “ in font ec-lmtt10!
Missing character: There is no ” in font ec-lmtt10!
Missing character: There is no “ in font ec-lmtt10!
Missing character: There is no ” in font ec-lmtt10!
Missing character: There is no “ in font ec-lmtt10!
Missing character: There is no ” in font ec-lmtt10!
Missing character: There is no — in font ec-lmtt10!
Missing character: There is no “ in font ec-lmtt10!
Missing character: There is no ” in font ec-lmtt10!
Missing character: There is no — in font ec-lmtt10!
Missing character: There is no “ in font ec-lmtt10!
Missing character: There is no ” in font ec-lmtt10!
Missing character: There is no “ in font ec-lmtt10!
Missing character: There is no ” in font ec-lmtt10!
Missing character: There is no “ in font ec-lmtt10!
Missing character: There is no ” in font ec-lmtt10!
Missing character: There is no “ in font ec-lmtt10!
Missing character: There is no ” in font ec-lmtt10!
Missing character: There is no “ in font ec-lmtt10!
Missing character: There is no ” in font ec-lmtt10!
Missing character: There is no “ in font ec-lmtt10!
Missing character: There is no ” in font ec-lmtt10!
Missing character: There is no “ in font ec-lmtt10!
Missing character: There is no ” in font ec-lmtt10!
Missing character: There is no “ in font ec-lmtt10!
Missing character: There is no ” in font ec-lmtt10!
Missing character: There is no “ in font ec-lmtt10!
Missing character: There is no ” in font ec-lmtt10!
Missing character: There is no ’ in font ec-lmtt10!
Missing character: There is no ’ in font ec-lmtt10!
Missing character: There is no ’ in font ec-lmtt10!
Missing character: There is no ’ in font ec-lmtt10!
[4]
Missing character: There is no – in font ec-lmtt10!
Missing character: There is no – in font ec-lmtt10!
Missing character: There is no “ in font ec-lmtt10!
Missing character: There is no ” in font ec-lmtt10!
Missing character: There is no “ in font ec-lmtt10!
Missing character: There is no ” in font ec-lmtt10!
Missing character: There is no “ in font ec-lmtt10!
Missing character: There is no ” in font ec-lmtt10!
Missing character: There is no “ in font ec-lmtt10!
Missing character: There is no ” in font ec-lmtt10!
Missing character: There is no ’ in font ec-lmtt10!
Missing character: There is no ’ in font ec-lmtt10!
Missing character: There is no ’ in font ec-lmtt10!
Missing character: There is no ’ in font ec-lmtt10!
[5]
Missing character: There is no ✅ in font ec-lmtt10!
Missing character: There is no ’ in font ec-lmtt10!
Missing character: There is no ’ in font ec-lmtt10!
Missing character: There is no ✅ in font ec-lmtt10!
Missing character: There is no ’ in font ec-lmtt10!
Missing character: There is no ’ in font ec-lmtt10!
Missing character: There is no ’ in font ec-lmtt10!
Missing character: There is no “ in font ec-lmtt10!
Missing character: There is no ” in font ec-lmtt10!
Missing character: There is no ’ in font ec-lmtt10!
Missing character: There is no “ in font ec-lmtt10!
Missing character: There is no ” in font ec-lmtt10!
Missing character: There is no ’ in font ec-lmtt10!
Missing character: There is no ’ in font ec-lmtt10!
Missing character: There is no — in font ec-lmtt10!
Missing character: There is no “ in font ec-lmtt10!
Missing character: There is no ” in font ec-lmtt10!
Missing character: There is no — in font ec-lmtt10!
Missing character: There is no “ in font ec-lmtt10!
Missing character: There is no ” in font ec-lmtt10!
Missing character: There is no ’ in font ec-lmtt10!
Missing character: There is no ’ in font ec-lmtt10!
Missing character: There is no ’ in font ec-lmtt10!
Missing character: There is no ’ in font ec-lmtt10!
Missing character: There is no ’ in font ec-lmtt10!
Missing character: There is no ’ in font ec-lmtt10!
Missing character: There is no “ in font ec-lmtt10!
Missing character: There is no ” in font ec-lmtt10!
Missing character: There is no “ in font ec-lmtt10!
Missing character: There is no ” in font ec-lmtt10!
Missing character: There is no “ in font ec-lmtt10!
Missing character: There is no ” in font ec-lmtt10!
Missing character: There is no “ in font ec-lmtt10!
Missing character: There is no ” in font ec-lmtt10!
Missing character: There is no “ in font ec-lmtt10!
Missing character: There is no ’ in font ec-lmtt10!
Missing character: There is no ’ in font ec-lmtt10!
Missing character: There is no ” in font ec-lmtt10!
Missing character: There is no “ in font ec-lmtt10!
Missing character: There is no ’ in font ec-lmtt10!
Missing character: There is no ’ in font ec-lmtt10!
Missing character: There is no ” in font ec-lmtt10!
Missing character: There is no ’ in font ec-lmtt10!
Missing character: There is no “ in font ec-lmtt10!
Missing character: There is no ” in font ec-lmtt10!
Missing character: There is no ’ in font ec-lmtt10!
Missing character: There is no “ in font ec-lmtt10!
Missing character: There is no ” in font ec-lmtt10!
[6]
Missing character: There is no → in font ec-lmtt10!
Missing character: There is no → in font ec-lmtt10!
Missing character: There is no → in font ec-lmtt10!
Missing character: There is no → in font ec-lmtt10!
Missing character: There is no “ in font ec-lmtt10!
Missing character: There is no ” in font ec-lmtt10!
Missing character: There is no “ in font ec-lmtt10!
Missing character: There is no ” in font ec-lmtt10!
Missing character: There is no ’ in font ec-lmtt10!
Missing character: There is no – in font ec-lmtt10!
Missing character: There is no ’ in font ec-lmtt10!
Missing character: There is no ’ in font ec-lmtt10!
Missing character: There is no – in font ec-lmtt10!
Missing character: There is no ’ in font ec-lmtt10!
Missing character: There is no “ in font ec-lmtt10!
Missing character: There is no ” in font ec-lmtt10!
Missing character: There is no “ in font ec-lmtt10!
Missing character: There is no ” in font ec-lmtt10!
Missing character: There is no “ in font ec-lmtt10!
Missing character: There is no ” in font ec-lmtt10!
Missing character: There is no “ in font ec-lmtt10!
Missing character: There is no ” in font ec-lmtt10!
Missing character: There is no “ in font ec-lmtt10!
Missing character: There is no ” in font ec-lmtt10!
Missing character: There is no “ in font ec-lmtt10!
Missing character: There is no ” in font ec-lmtt10!
Missing character: There is no “ in font ec-lmtt10!
Missing character: There is no ” in font ec-lmtt10!
Missing character: There is no “ in font ec-lmtt10!
Missing character: There is no ” in font ec-lmtt10!
Missing character: There is no “ in font ec-lmtt10!
Missing character: There is no ” in font ec-lmtt10!
Missing character: There is no “ in font ec-lmtt10!
Missing character: There is no ” in font ec-lmtt10!
[7]
Missing character: There is no “ in font ec-lmtt10!
Missing character: There is no ” in font ec-lmtt10!
Missing character: There is no “ in font ec-lmtt10!
Missing character: There is no ” in font ec-lmtt10!
Missing character: There is no — in font ec-lmtt10!
Missing character: There is no — in font ec-lmtt10!
Missing character: There is no ’ in font ec-lmtt10!
Missing character: There is no ’ in font ec-lmtt10!
Missing character: There is no ≠ in font ec-lmtt10!
Missing character: There is no ≠ in font ec-lmtt10!
Missing character: There is no “ in font ec-lmtt10!
Missing character: There is no ” in font ec-lmtt10!
Missing character: There is no “ in font ec-lmtt10!
Missing character: There is no ” in font ec-lmtt10!
Missing character: There is no “ in font ec-lmtt10!
Missing character: There is no ” in font ec-lmtt10!
Missing character: There is no “ in font ec-lmtt10!
Missing character: There is no ” in font ec-lmtt10!
[8]
Missing character: There is no “ in font ec-lmtt10!
Missing character: There is no ” in font ec-lmtt10!
Missing character: There is no “ in font ec-lmtt10!
Missing character: There is no ” in font ec-lmtt10!
Missing character: There is no “ in font ec-lmtt10!
Missing character: There is no ” in font ec-lmtt10!
Missing character: There is no “ in font ec-lmtt10!
Missing character: There is no ” in font ec-lmtt10!
Missing character: There is no — in font ec-lmtt10!
Missing character: There is no “ in font ec-lmtt10!
Missing character: There is no ” in font ec-lmtt10!
Missing character: There is no — in font ec-lmtt10!
Missing character: There is no “ in font ec-lmtt10!
Missing character: There is no ” in font ec-lmtt10!
Missing character: There is no ’ in font ec-lmtt10!
Missing character: There is no ’ in font ec-lmtt10!
Missing character: There is no ’ in font ec-lmtt10!
Missing character: There is no ’ in font ec-lmtt10!
Missing character: There is no “ in font ec-lmtt10!
Missing character: There is no ” in font ec-lmtt10!
Missing character: There is no “ in font ec-lmtt10!
Missing character: There is no ” in font ec-lmtt10!
Missing character: There is no “ in font ec-lmtt10!
Missing character: There is no ” in font ec-lmtt10!
Missing character: There is no “ in font ec-lmtt10!
Missing character: There is no ” in font ec-lmtt10!
Missing character: There is no “ in font ec-lmtt10!
Missing character: There is no ” in font ec-lmtt10!
Missing character: There is no “ in font ec-lmtt10!
Missing character: There is no ” in font ec-lmtt10!
[9]
Missing character: There is no ’ in font ec-lmtt10!
Missing character: There is no ’ in font ec-lmtt10!
Missing character: There is no ’ in font ec-lmtt10!
Missing character: There is no ’ in font ec-lmtt10!
Missing character: There is no — in font ec-lmtt10!
Missing character: There is no “ in font ec-lmtt10!
Missing character: There is no ” in font ec-lmtt10!
Missing character: There is no — in font ec-lmtt10!
Missing character: There is no “ in font ec-lmtt10!
Missing character: There is no ” in font ec-lmtt10!
Missing character: There is no ’ in font ec-lmtt10!
Missing character: There is no ’ in font ec-lmtt10!
Missing character: There is no ’ in font ec-lmtt10!
Missing character: There is no ’ in font ec-lmtt10!
Missing character: There is no ’ in font ec-lmtt10!
Missing character: There is no ’ in font ec-lmtt10!
[10]
Missing character: There is no – in font ec-lmtt10!
Missing character: There is no – in font ec-lmtt10!
Missing character: There is no “ in font ec-lmtt10!
Missing character: There is no ” in font ec-lmtt10!
Missing character: There is no ’ in font ec-lmtt10!
Missing character: There is no “ in font ec-lmtt10!
Missing character: There is no ” in font ec-lmtt10!
Missing character: There is no ’ in font ec-lmtt10!
[11] (report - 25.02.2026.aux)
 ***********
LaTeX2e <2025-11-01>
L3 programming layer <2025-12-24>
 ***********
 ) 
Here is how much of TeX's memory you used:
 3813 strings out of 402987
 65796 string characters out of 5448525
 543148 words of memory out of 5000000
 32506 multiletter control sequences out of 15000+600000
 656617 words of font info for 65 fonts, out of 8000000 for 9000
 1348 hyphenation exceptions out of 8191
 71i,9n,79p,477b,593s stack positions out of 10000i,1000n,20000p,200000b,200000s

Output written on report - 25.02.2026.pdf (11 pages).
