[2026-05-08T15:37:26Z] cleanup_scope=extended-only and scoped duplicate artifacts superseded by centralized _all files
[2026-05-08T15:37:26Z] predelete_extended_subset_validation=passed_all_checked_extended_rows_present_in_all
[2026-05-08T15:37:26Z] predelete_scoped_duplicate_validation=passed_bot_all_duration_all_exact_matches_top_level_all
[2026-05-08T15:37:26Z] rerun_verification=passed_exact_for_extraction_cleaning_ownership_bot_duration_outputs
[2026-05-08T15:37:26Z] loc_verification=centralized_loc_per_tag_all_retained; extended_rows_prechecked_as_exact_subset; full_loc_recompute_not_kept_due_runtime
[2026-05-08T15:37:26Z] deleted_file_count=42
[2026-05-08T15:37:26Z] deleted_file=data/versions_extended.csv
[2026-05-08T15:37:26Z] deleted_file=data/windows_extended.csv
[2026-05-08T15:37:26Z] deleted_file=data/version_tag_rules_extended.csv
[2026-05-08T15:37:26Z] deleted_file=data/loc_language_policy_extended.csv
[2026-05-08T15:37:26Z] deleted_file=out/bot_identity_summary_extended.csv
[2026-05-08T15:37:26Z] deleted_file=out/bot_summary_by_project_extended.csv
[2026-05-08T15:37:26Z] deleted_file=out/bot_summary_by_window_extended.csv
[2026-05-08T15:37:26Z] deleted_file=out/loc_per_tag_extended.csv
[2026-05-08T15:37:26Z] deleted_file=out/metrics_window_dev_extended.csv
[2026-05-08T15:37:26Z] deleted_file=out/metrics_window_totals_extended.csv
[2026-05-08T15:37:26Z] deleted_file=out/metrics_window_dev_clean_extended.csv
[2026-05-08T15:37:26Z] deleted_file=out/metrics_window_totals_clean_extended.csv
[2026-05-08T15:37:26Z] deleted_file=out/metrics_window_dev_human_extended.csv
[2026-05-08T15:37:26Z] deleted_file=out/metrics_window_totals_human_extended.csv
[2026-05-08T15:37:26Z] deleted_file=out/metrics_window_dev_normalized_extended.csv
[2026-05-08T15:37:26Z] deleted_file=out/metrics_window_totals_normalized_extended.csv
[2026-05-08T15:37:26Z] deleted_file=out/metrics_window_dev_human_normalized_extended.csv
[2026-05-08T15:37:26Z] deleted_file=out/metrics_window_totals_human_normalized_extended.csv
[2026-05-08T15:37:26Z] deleted_file=out/ownership_dev_shares_extended.csv
[2026-05-08T15:37:26Z] deleted_file=out/ownership_summary_extended.csv
[2026-05-08T15:37:26Z] deleted_file=out/ownership_dev_shares_clean_extended.csv
[2026-05-08T15:37:26Z] deleted_file=out/ownership_summary_clean_extended.csv
[2026-05-08T15:37:26Z] deleted_file=out/ownership_dev_shares_human_extended.csv
[2026-05-08T15:37:26Z] deleted_file=out/ownership_summary_human_extended.csv
[2026-05-08T15:37:26Z] deleted_file=out/window_duration_flags_extended.csv
[2026-05-08T15:37:26Z] deleted_file=out/window_duration_flags_human_extended.csv
[2026-05-08T15:37:26Z] deleted_file=out/window_duration_sensitivity_summary_extended.csv
[2026-05-08T15:37:26Z] deleted_file=out/window_duration_sensitivity_summary_human_extended.csv
[2026-05-08T15:37:26Z] deleted_file=logs/bot_sensitivity_extended.log
[2026-05-08T15:37:26Z] deleted_file=logs/clean_extended_metrics.log
[2026-05-08T15:37:26Z] deleted_file=logs/duration_normalization_extended.log
[2026-05-08T15:37:26Z] deleted_file=logs/duration_normalization_human_extended.log
[2026-05-08T15:37:26Z] deleted_file=logs/errors_extended_loc.log
[2026-05-08T15:37:26Z] deleted_file=logs/errors_extended_metrics.log
[2026-05-08T15:37:26Z] deleted_file=logs/ownership_recompute_extended.log
[2026-05-08T15:37:26Z] deleted_file=logs/verify_clean_all_metrics.log
[2026-05-08T15:37:26Z] deleted_file=logs/verify_errors_all_loc.log
[2026-05-08T15:37:26Z] deleted_file=logs/verify_errors_all_metrics.log
[2026-05-08T15:37:26Z] deleted_file=logs/verify_ownership_recompute_all.log
[2026-05-08T15:37:26Z] deleted_file=logs/verify_bot_sensitivity_all.log
[2026-05-08T15:37:26Z] deleted_file=logs/verify_duration_normalization_all.log
[2026-05-08T15:37:26Z] deleted_file=logs/verify_duration_normalization_human_all.log
[2026-05-08T15:37:26Z] deleted_dir_count=8
[2026-05-08T15:37:26Z] deleted_dir=out/bot_all
[2026-05-08T15:37:26Z] deleted_dir=out/bot_extended
[2026-05-08T15:37:26Z] deleted_dir=out/duration_all
[2026-05-08T15:37:26Z] deleted_dir=out/duration_extended
[2026-05-08T15:37:26Z] deleted_dir=out/duration_human_all
[2026-05-08T15:37:26Z] deleted_dir=out/duration_human_extended
[2026-05-08T15:37:26Z] deleted_dir=out/_verify_all_20260505
[2026-05-08T15:37:26Z] deleted_dir=scripts/__pycache__
[2026-05-08T15:37:26Z] missing_count=0
[2026-05-08T20:13:05Z] loc_verification_update=full LOC recomputation completed and matched out/loc_per_tag_all.csv exactly; see logs/loc_full_recompute_20260508.log
