[2026-05-05T20:06:32Z] cleanup_scope=pilot-only CSV and pilot-only log files superseded by centralized _all artifacts
[2026-05-05T20:06:32Z] phase_root=E:\Thesis Unipd\Data,Outputs,Logs,Scripts\Phase 1
[2026-05-05T20:06:32Z] deleted_count=32
[2026-05-05T20:06:32Z] deleted=dataset_freeze_round1.csv
[2026-05-05T20:06:32Z] deleted=versions.csv
[2026-05-05T20:06:32Z] deleted=windows.csv
[2026-05-05T20:06:32Z] deleted=data/dataset_freeze_round1.csv
[2026-05-05T20:06:32Z] deleted=data/versions.csv
[2026-05-05T20:06:32Z] deleted=data/windows.csv
[2026-05-05T20:06:32Z] deleted=out/bot_identity_summary.csv
[2026-05-05T20:06:32Z] deleted=out/bot_summary_by_project.csv
[2026-05-05T20:06:32Z] deleted=out/bot_summary_by_window.csv
[2026-05-05T20:06:32Z] deleted=out/loc_per_tag.csv
[2026-05-05T20:06:32Z] deleted=out/metrics_window_dev.csv
[2026-05-05T20:06:32Z] deleted=out/metrics_window_totals.csv
[2026-05-05T20:06:32Z] deleted=out/metrics_window_dev_clean.csv
[2026-05-05T20:06:32Z] deleted=out/metrics_window_totals_clean.csv
[2026-05-05T20:06:32Z] deleted=out/metrics_window_dev_human.csv
[2026-05-05T20:06:32Z] deleted=out/metrics_window_totals_human.csv
[2026-05-05T20:06:32Z] deleted=out/metrics_window_totals_human_normalized.csv
[2026-05-05T20:06:32Z] deleted=out/metrics_window_dev_normalized.csv
[2026-05-05T20:06:32Z] deleted=out/metrics_window_totals_normalized.csv
[2026-05-05T20:06:32Z] deleted=out/window_duration_flags.csv
[2026-05-05T20:06:32Z] deleted=out/window_duration_sensitivity_summary.csv
[2026-05-05T20:06:32Z] deleted=out/ownership_dev_shares.csv
[2026-05-05T20:06:32Z] deleted=out/ownership_summary.csv
[2026-05-05T20:06:32Z] deleted=out/ownership_dev_shares_clean.csv
[2026-05-05T20:06:32Z] deleted=out/ownership_summary_clean.csv
[2026-05-05T20:06:32Z] deleted=out/ownership_dev_shares_human.csv
[2026-05-05T20:06:32Z] deleted=out/ownership_summary_human.csv
[2026-05-05T20:06:32Z] deleted=logs/bot_sensitivity.log
[2026-05-05T20:06:32Z] deleted=logs/clean_round1_metrics.log
[2026-05-05T20:06:32Z] deleted=logs/duration_normalization.log
[2026-05-05T20:06:32Z] deleted=logs/errors.log
[2026-05-05T20:06:32Z] deleted=logs/ownership_recompute.log
[2026-05-05T20:06:32Z] missing_count=0
