\BOOKMARK [1][-]{section.4}{\376\377\000A\000b\000b\000r\000e\000v\000i\000a\000t\000i\000o\000n\000s\000\040\000a\000n\000d\000\040\000N\000o\000t\000a\000t\000i\000o\000n}{}% 1
\BOOKMARK [1][-]{section.7}{\376\377\000I\000n\000t\000r\000o\000d\000u\000c\000t\000i\000o\000n\000,\000\040\000S\000c\000o\000p\000e\000,\000\040\000a\000n\000d\000\040\000R\000e\000s\000e\000a\000r\000c\000h\000\040\000R\000o\000a\000d\000m\000a\000p}{}% 2
\BOOKMARK [1][-]{section.11}{\376\377\000C\000a\000n\000d\000i\000d\000a\000t\000e\000\040\000M\000e\000t\000r\000i\000c\000s\000\040\000\050\000S\000h\000o\000r\000t\000l\000i\000s\000t\000\051}{}% 3
\BOOKMARK [1][-]{section.14}{\376\377\000M\000e\000t\000h\000o\000d\000o\000l\000o\000g\000y\000:\000\040\000C\000o\000m\000p\000a\000r\000i\000s\000o\000n\000\040\000C\000r\000i\000t\000e\000r\000i\000a}{}% 4
\BOOKMARK [2][-]{subsection.15}{\376\377\000E\000v\000a\000l\000u\000a\000t\000i\000o\000n\000\040\000u\000n\000i\000t\000\040\000a\000n\000d\000\040\000n\000o\000r\000m\000a\000l\000i\000z\000a\000t\000i\000o\000n\000\040\000p\000o\000l\000i\000c\000y}{section.14}% 5
\BOOKMARK [2][-]{subsection.16}{\376\377\000C\0001\000\040\000S\000t\000a\000b\000i\000l\000i\000t\000y}{section.14}% 6
\BOOKMARK [2][-]{subsection.17}{\376\377\000C\0002\000\040\000I\000n\000t\000e\000r\000p\000r\000e\000t\000a\000b\000i\000l\000i\000t\000y}{section.14}% 7
\BOOKMARK [2][-]{subsection.18}{\376\377\000C\0003\000\040\000R\000e\000s\000i\000s\000t\000a\000n\000c\000e\000\040\000t\000o\000\040\000g\000a\000m\000i\000n\000g}{section.14}% 8
\BOOKMARK [2][-]{subsection.19}{\376\377\000C\0004\000\040\000L\000o\000n\000g\000-\000t\000e\000r\000m\000\040\000s\000u\000i\000t\000a\000b\000i\000l\000i\000t\000y}{section.14}% 9
\BOOKMARK [2][-]{subsection.20}{\376\377\000C\000r\000i\000t\000e\000r\000i\000o\000n\000-\000t\000o\000-\000o\000u\000t\000p\000u\000t\000\040\000m\000a\000p\000p\000i\000n\000g}{section.14}% 10
\BOOKMARK [2][-]{subsection.23}{\376\377\000D\000e\000c\000i\000s\000i\000o\000n\000\040\000p\000r\000o\000t\000o\000c\000o\000l\000\040\000\050\000p\000r\000e\000d\000e\000f\000i\000n\000e\000d\000,\000\040\000n\000o\000t\000\040\000e\000x\000e\000c\000u\000t\000e\000d\000\040\000i\000n\000\040\000P\000h\000a\000s\000e\000\040\000I\000\051}{section.14}% 11
\BOOKMARK [1][-]{section.28}{\376\377\000D\000E\000S\000T\000I\000N\000O\000\040\000A\000l\000i\000g\000n\000m\000e\000n\000t\000\040\000a\000n\000d\000\040\000E\000v\000i\000d\000e\000n\000c\000e\000\040\000B\000o\000u\000n\000d\000a\000r\000y}{}% 12
\BOOKMARK [2][-]{subsection.29}{\376\377\000I\000m\000p\000l\000i\000c\000a\000t\000i\000o\000n\000s\000\040\000f\000o\000r\000\040\000t\000h\000e\000\040\000C\000u\000r\000r\000e\000n\000t\000\040\000R\000e\000p\000o\000r\000t}{section.28}% 13
\BOOKMARK [1][-]{section.32}{\376\377\000E\000x\000t\000e\000n\000d\000e\000d\000\040\000F\000e\000a\000s\000i\000b\000i\000l\000i\000t\000y\000\040\000R\000u\000b\000r\000i\000c\000\040\000\050\000D\000e\000t\000a\000i\000l\000e\000d\000\051}{}% 14
\BOOKMARK [2][-]{subsection.33}{\376\377\000S\000m\000a\000r\000t\000-\000C\000o\000n\000t\000r\000a\000c\000t\000\040\000F\000e\000a\000s\000i\000b\000i\000l\000i\000t\000y\000\040\000R\000u\000b\000r\000i\000c}{section.32}% 15
\BOOKMARK [1][-]{section.53}{\376\377\000F\000u\000t\000u\000r\000e\000\040\000D\000E\000S\000T\000I\000N\000O\000\040\000P\000o\000C\000\040\000I\000n\000t\000e\000g\000r\000a\000t\000i\000o\000n\000\040\000B\000l\000u\000e\000p\000r\000i\000n\000t}{}% 16
\BOOKMARK [2][-]{subsection.54}{\376\377\000D\000e\000s\000i\000g\000n\000\040\000O\000b\000j\000e\000c\000t\000i\000v\000e\000\040\000a\000n\000d\000\040\000B\000o\000u\000n\000d\000a\000r\000y}{section.53}% 17
\BOOKMARK [2][-]{subsection.55}{\376\377\000M\000e\000t\000r\000i\000c\000-\000A\000g\000n\000o\000s\000t\000i\000c\000\040\000R\000e\000c\000o\000r\000d\000\040\000S\000h\000a\000p\000e}{section.53}% 18
\BOOKMARK [2][-]{subsection.58}{\376\377\000T\000r\000a\000n\000s\000a\000c\000t\000i\000o\000n\000\040\000a\000n\000d\000\040\000R\000e\000p\000l\000a\000y\000\040\000F\000l\000o\000w}{section.53}% 19
\BOOKMARK [2][-]{subsection.65}{\376\377\000H\000o\000w\000\040\000P\000h\000a\000s\000e\000\040\000I\000\040\000O\000u\000t\000p\000u\000t\000s\000\040\000S\000u\000p\000p\000o\000r\000t\000\040\000t\000h\000e\000\040\000B\000l\000u\000e\000p\000r\000i\000n\000t}{section.53}% 20
\BOOKMARK [1][-]{section.66}{\376\377\000P\000h\000a\000s\000e\000\040\000I\000:\000\040\000D\000a\000t\000a\000s\000e\000t\000\040\000F\000r\000e\000e\000z\000e\000\040\000a\000n\000d\000\040\000V\000e\000r\000s\000i\000o\000n\000-\000W\000i\000n\000d\000o\000w\000\040\000D\000e\000f\000i\000n\000i\000t\000i\000o\000n}{}% 21
\BOOKMARK [2][-]{subsection.67}{\376\377\000R\000e\000p\000o\000s\000i\000t\000o\000r\000y\000\040\000F\000r\000e\000e\000z\000e}{section.66}% 22
\BOOKMARK [2][-]{subsection.70}{\376\377\000T\000a\000g\000\040\000F\000r\000e\000e\000z\000e\000\040\000a\000n\000d\000\040\000C\000o\000n\000s\000e\000c\000u\000t\000i\000v\000e\000\040\000W\000i\000n\000d\000o\000w\000s}{section.66}% 23
\BOOKMARK [1][-]{section.77}{\376\377\000P\000h\000a\000s\000e\000\040\000I\000:\000\040\000M\000e\000t\000r\000i\000c\000\040\000E\000x\000t\000r\000a\000c\000t\000i\000o\000n\000\040\000P\000i\000p\000e\000l\000i\000n\000e}{}% 24
\BOOKMARK [2][-]{subsection.78}{\376\377\000P\000r\000i\000m\000a\000r\000y\000\040\000C\000S\000V\000\040\000o\000u\000t\000p\000u\000t\000s}{section.77}% 25
\BOOKMARK [2][-]{subsection.79}{\376\377\000S\000c\000r\000i\000p\000t\000-\000t\000o\000-\000o\000u\000t\000p\000u\000t\000\040\000m\000a\000p\000p\000i\000n\000g}{section.77}% 26
\BOOKMARK [2][-]{subsection.82}{\376\377\000M\000e\000t\000r\000i\000c\000\040\000d\000e\000f\000i\000n\000i\000t\000i\000o\000n\000s\000\040\000\050\000i\000m\000p\000l\000e\000m\000e\000n\000t\000a\000t\000i\000o\000n\000-\000l\000e\000v\000e\000l\000\051}{section.77}% 27
\BOOKMARK [2][-]{subsection.89}{\376\377\000E\000r\000r\000o\000r\000\040\000h\000a\000n\000d\000l\000i\000n\000g\000\040\000a\000n\000d\000\040\000t\000r\000a\000c\000e\000a\000b\000i\000l\000i\000t\000y}{section.77}% 28
\BOOKMARK [1][-]{section.90}{\376\377\000P\000h\000a\000s\000e\000\040\000I\000:\000\040\000D\000a\000t\000a\000\040\000I\000n\000t\000e\000g\000r\000i\000t\000y\000\040\000V\000e\000r\000i\000f\000i\000c\000a\000t\000i\000o\000n\000\040\000a\000n\000d\000\040\000C\000l\000e\000a\000n\000i\000n\000g}{}% 29
\BOOKMARK [2][-]{subsection.91}{\376\377\000S\000a\000n\000i\000t\000y\000\040\000c\000h\000e\000c\000k\000s}{section.90}% 30
\BOOKMARK [2][-]{subsection.92}{\376\377\000C\000a\000n\000o\000n\000i\000c\000a\000l\000\040\000i\000d\000e\000n\000t\000i\000t\000y}{section.90}% 31
\BOOKMARK [2][-]{subsection.93}{\376\377\000B\000o\000t\000\040\000l\000a\000b\000e\000l\000i\000n\000g}{section.90}% 32
\BOOKMARK [2][-]{subsection.96}{\376\377\000K\000n\000o\000w\000n\000\040\000l\000i\000m\000i\000t\000a\000t\000i\000o\000n\000:\000\040\000t\000i\000m\000e\000s\000t\000a\000m\000p\000\040\000s\000e\000m\000a\000n\000t\000i\000c\000s}{section.90}% 33
\BOOKMARK [2][-]{subsection.97}{\376\377\000I\000s\000s\000u\000e\000-\000r\000e\000s\000o\000l\000u\000t\000i\000o\000n\000\040\000l\000e\000d\000g\000e\000r}{section.90}% 34
\BOOKMARK [1][-]{section.100}{\376\377\000C\000e\000n\000t\000r\000a\000l\000i\000z\000e\000d\000\040\000E\000x\000t\000r\000a\000c\000t\000i\000o\000n\000\040\000S\000u\000m\000m\000a\000r\000y\000\040\000\050\000P\000h\000a\000s\000e\000\040\000I\000\040\000D\000e\000l\000i\000v\000e\000r\000a\000b\000l\000e\000s\000\051}{}% 35
\BOOKMARK [1][-]{section.107}{\376\377\000D\000e\000t\000a\000i\000l\000e\000d\000\040\000D\000e\000s\000c\000r\000i\000p\000t\000i\000v\000e\000\040\000R\000e\000s\000u\000l\000t\000s\000\040\000f\000o\000r\000\040\000M\0001\040\023\000M\0004}{}% 36
\BOOKMARK [2][-]{subsection.108}{\376\377\000M\0001\000\040\000S\000n\000a\000p\000s\000h\000o\000t\000\040\000s\000i\000z\000e\000\040\000e\000v\000o\000l\000u\000t\000i\000o\000n}{section.107}% 37
\BOOKMARK [2][-]{subsection.111}{\376\377\000M\0002\000\040\000c\000h\000u\000r\000n\000\040\000a\000n\000d\000\040\000M\0003\000\040\000c\000a\000d\000e\000n\000c\000e\000\040\000i\000n\000t\000e\000n\000s\000i\000t\000y}{section.107}% 38
\BOOKMARK [2][-]{subsection.114}{\376\377\000B\000o\000t\000-\000s\000e\000n\000s\000i\000t\000i\000v\000i\000t\000y\000\040\000o\000u\000t\000p\000u\000t\000s}{section.107}% 39
\BOOKMARK [2][-]{subsection.117}{\376\377\000D\000u\000r\000a\000t\000i\000o\000n\000-\000n\000o\000r\000m\000a\000l\000i\000z\000e\000d\000\040\000a\000n\000a\000l\000y\000s\000i\000s\000\040\000o\000u\000t\000p\000u\000t\000s}{section.107}% 40
\BOOKMARK [2][-]{subsection.122}{\376\377\000M\0003\000\040\000d\000e\000v\000e\000l\000o\000p\000e\000r\000\040\000a\000c\000t\000i\000v\000i\000t\000y\000-\000d\000a\000y\000\040\000p\000r\000o\000f\000i\000l\000e}{section.107}% 41
\BOOKMARK [2][-]{subsection.125}{\376\377\000M\0004\000\040\000o\000w\000n\000e\000r\000s\000h\000i\000p\000\040\000a\000n\000d\000\040\000c\000o\000n\000c\000e\000n\000t\000r\000a\000t\000i\000o\000n\000\040\000p\000r\000o\000f\000i\000l\000e}{section.107}% 42
\BOOKMARK [1][-]{section.128}{\376\377\000P\000h\000a\000s\000e\000\040\000I\000\040\000E\000x\000e\000c\000u\000t\000i\000o\000n\000\040\000L\000e\000d\000g\000e\000r}{}% 43
\BOOKMARK [2][-]{subsection.131}{\376\377\000C\000l\000e\000a\000n\000i\000n\000g\000\040\000a\000n\000d\000\040\000v\000a\000l\000i\000d\000a\000t\000i\000o\000n\000\040\000o\000u\000t\000c\000o\000m\000e\000s}{section.128}% 44
\BOOKMARK [1][-]{section.132}{\376\377\000R\000e\000p\000r\000o\000d\000u\000c\000i\000b\000i\000l\000i\000t\000y\000\040\000P\000r\000o\000t\000o\000c\000o\000l\000\040\000a\000n\000d\000\040\000D\000a\000t\000a\000\040\000L\000i\000n\000e\000a\000g\000e}{}% 45
\BOOKMARK [2][-]{subsection.133}{\376\377\000A\000r\000t\000i\000f\000a\000c\000t\000\040\000l\000a\000y\000o\000u\000t}{section.132}% 46
\BOOKMARK [2][-]{subsection.134}{\376\377\000E\000x\000e\000c\000u\000t\000i\000o\000n\000\040\000p\000r\000o\000t\000o\000c\000o\000l}{section.132}% 47
\BOOKMARK [2][-]{subsection.145}{\376\377\000L\000i\000n\000e\000a\000g\000e\000\040\000c\000h\000e\000c\000k\000p\000o\000i\000n\000t\000s}{section.132}% 48
\BOOKMARK [2][-]{subsection.148}{\376\377\000A\000u\000t\000o\000m\000a\000t\000e\000d\000\040\000v\000a\000l\000i\000d\000a\000t\000i\000o\000n\000\040\000e\000v\000i\000d\000e\000n\000c\000e}{section.132}% 49
\BOOKMARK [1][-]{section.149}{\376\377\000T\000h\000r\000e\000a\000t\000s\000\040\000t\000o\000\040\000V\000a\000l\000i\000d\000i\000t\000y}{}% 50
\BOOKMARK [2][-]{subsection.150}{\376\377\000C\000o\000n\000s\000t\000r\000u\000c\000t\000\040\000v\000a\000l\000i\000d\000i\000t\000y}{section.149}% 51
\BOOKMARK [2][-]{subsection.151}{\376\377\000I\000n\000t\000e\000r\000n\000a\000l\000\040\000v\000a\000l\000i\000d\000i\000t\000y}{section.149}% 52
\BOOKMARK [2][-]{subsection.152}{\376\377\000E\000x\000t\000e\000r\000n\000a\000l\000\040\000v\000a\000l\000i\000d\000i\000t\000y}{section.149}% 53
\BOOKMARK [2][-]{subsection.153}{\376\377\000C\000o\000n\000c\000l\000u\000s\000i\000o\000n\000\040\000v\000a\000l\000i\000d\000i\000t\000y}{section.149}% 54
\BOOKMARK [1][-]{section.154}{\376\377\000P\000h\000a\000s\000e\000\040\000I\000\040\000C\000o\000n\000c\000l\000u\000s\000i\000o\000n}{}% 55
\BOOKMARK [1][-]{section.155}{\376\377\000P\000h\000a\000s\000e\000\040\000I\000I\000\040\000S\000t\000e\000p\000\040\0001\000:\000\040\000C\0001\000\040\000S\000t\000a\000b\000i\000l\000i\000t\000y\000\040\000A\000n\000a\000l\000y\000s\000i\000s}{}% 56
\BOOKMARK [2][-]{subsection.156}{\376\377\000A\000n\000a\000l\000y\000s\000i\000s\000\040\000i\000n\000p\000u\000t\000s\000\040\000a\000n\000d\000\040\000g\000e\000n\000e\000r\000a\000t\000e\000d\000\040\000a\000r\000t\000i\000f\000a\000c\000t\000s}{section.155}% 57
\BOOKMARK [2][-]{subsection.159}{\376\377\000M\000e\000t\000h\000o\000d}{section.155}% 58
\BOOKMARK [2][-]{subsection.160}{\376\377\000W\000i\000n\000d\000o\000w\000-\000l\000e\000v\000e\000l\000\040\000s\000t\000a\000b\000i\000l\000i\000t\000y\000\040\000r\000e\000s\000u\000l\000t\000s}{section.155}% 59
\BOOKMARK [2][-]{subsection.167}{\376\377\000D\000e\000v\000e\000l\000o\000p\000e\000r\000-\000r\000a\000n\000k\000\040\000s\000t\000a\000b\000i\000l\000i\000t\000y\000\040\000r\000e\000s\000u\000l\000t\000s}{section.155}% 60
\BOOKMARK [2][-]{subsection.172}{\376\377\000C\0001\000\040\000i\000n\000t\000e\000r\000p\000r\000e\000t\000a\000t\000i\000o\000n\000\040\000f\000o\000r\000\040\000t\000h\000e\000\040\000d\000e\000c\000i\000s\000i\000o\000n\000\040\000p\000r\000o\000c\000e\000s\000s}{section.155}% 61
\BOOKMARK [1][-]{section.173}{\376\377\000P\000h\000a\000s\000e\000\040\000I\000I\000\040\000S\000t\000e\000p\000\040\0002\000:\000\040\000C\0002\000\040\000I\000n\000t\000e\000r\000p\000r\000e\000t\000a\000b\000i\000l\000i\000t\000y\000\040\000A\000n\000a\000l\000y\000s\000i\000s}{}% 62
\BOOKMARK [2][-]{subsection.174}{\376\377\000S\000c\000o\000r\000i\000n\000g\000\040\000p\000r\000o\000t\000o\000c\000o\000l\000\040\000a\000n\000d\000\040\000a\000r\000t\000i\000f\000a\000c\000t\000s}{section.173}% 63
\BOOKMARK [2][-]{subsection.179}{\376\377\000C\0002\000\040\000r\000e\000s\000u\000l\000t\000s}{section.173}% 64
\BOOKMARK [2][-]{subsection.184}{\376\377\000C\0002\000\040\000i\000n\000t\000e\000r\000p\000r\000e\000t\000a\000t\000i\000o\000n\000\040\000f\000o\000r\000\040\000t\000h\000e\000\040\000d\000e\000c\000i\000s\000i\000o\000n\000\040\000p\000r\000o\000c\000e\000s\000s}{section.173}% 65
\BOOKMARK [1][-]{section.185}{\376\377\000P\000h\000a\000s\000e\000\040\000I\000I\000\040\000S\000t\000e\000p\000\040\0003\000:\000\040\000C\0003\000\040\000G\000a\000m\000i\000n\000g\000-\000R\000e\000s\000i\000s\000t\000a\000n\000c\000e\000\040\000A\000n\000a\000l\000y\000s\000i\000s}{}% 66
\BOOKMARK [2][-]{subsection.186}{\376\377\000S\000c\000o\000r\000i\000n\000g\000\040\000p\000r\000o\000t\000o\000c\000o\000l\000\040\000a\000n\000d\000\040\000a\000r\000t\000i\000f\000a\000c\000t\000s}{section.185}% 67
\BOOKMARK [2][-]{subsection.191}{\376\377\000A\000t\000t\000a\000c\000k\000-\000s\000u\000r\000f\000a\000c\000e\000\040\000s\000u\000m\000m\000a\000r\000y}{section.185}% 68
\BOOKMARK [2][-]{subsection.192}{\376\377\000C\0003\000\040\000r\000e\000s\000u\000l\000t\000s}{section.185}% 69
\BOOKMARK [2][-]{subsection.197}{\376\377\000C\0003\000\040\000i\000n\000t\000e\000r\000p\000r\000e\000t\000a\000t\000i\000o\000n\000\040\000f\000o\000r\000\040\000t\000h\000e\000\040\000d\000e\000c\000i\000s\000i\000o\000n\000\040\000p\000r\000o\000c\000e\000s\000s}{section.185}% 70
\BOOKMARK [1][-]{section.198}{\376\377\000P\000h\000a\000s\000e\000\040\000I\000I\000\040\000S\000t\000e\000p\000\040\0004\000:\000\040\000C\0004\000\040\000L\000o\000n\000g\000-\000T\000e\000r\000m\000\040\000S\000u\000i\000t\000a\000b\000i\000l\000i\000t\000y\000\040\000A\000n\000a\000l\000y\000s\000i\000s}{}% 71
\BOOKMARK [2][-]{subsection.199}{\376\377\000S\000c\000o\000r\000i\000n\000g\000\040\000p\000r\000o\000t\000o\000c\000o\000l\000\040\000a\000n\000d\000\040\000a\000r\000t\000i\000f\000a\000c\000t\000s}{section.198}% 72
\BOOKMARK [2][-]{subsection.204}{\376\377\000H\000i\000s\000t\000o\000r\000i\000c\000a\000l\000\040\000c\000o\000v\000e\000r\000a\000g\000e}{section.198}% 73
\BOOKMARK [2][-]{subsection.205}{\376\377\000C\0004\000\040\000r\000e\000s\000u\000l\000t\000s}{section.198}% 74
\BOOKMARK [2][-]{subsection.210}{\376\377\000C\0004\000\040\000i\000n\000t\000e\000r\000p\000r\000e\000t\000a\000t\000i\000o\000n\000\040\000f\000o\000r\000\040\000t\000h\000e\000\040\000d\000e\000c\000i\000s\000i\000o\000n\000\040\000p\000r\000o\000c\000e\000s\000s}{section.198}% 75
\BOOKMARK [1][-]{section.211}{\376\377\000P\000h\000a\000s\000e\000\040\000I\000I\000\040\000S\000t\000e\000p\000\040\0005\000:\000\040\000S\000m\000a\000r\000t\000-\000C\000o\000n\000t\000r\000a\000c\000t\000\040\000F\000e\000a\000s\000i\000b\000i\000l\000i\000t\000y\000\040\000S\000c\000o\000r\000i\000n\000g}{}% 76
\BOOKMARK [2][-]{subsection.212}{\376\377\000S\000c\000o\000r\000i\000n\000g\000\040\000p\000r\000o\000t\000o\000c\000o\000l\000\040\000a\000n\000d\000\040\000a\000r\000t\000i\000f\000a\000c\000t\000s}{section.211}% 77
\BOOKMARK [2][-]{subsection.215}{\376\377\000C\000o\000m\000b\000i\000n\000e\000d\000\040\000C\0001\040\023\000C\0004\000\040\000c\000o\000m\000p\000a\000r\000i\000s\000o\000n}{section.211}% 78
\BOOKMARK [2][-]{subsection.218}{\376\377\000F\000e\000a\000s\000i\000b\000i\000l\000i\000t\000y\000\040\000r\000e\000s\000u\000l\000t\000s}{section.211}% 79
\BOOKMARK [2][-]{subsection.223}{\376\377\000F\000i\000n\000a\000l\000\040\000s\000e\000l\000e\000c\000t\000i\000o\000n\000\040\000i\000n\000p\000u\000t\000s}{section.211}% 80
\BOOKMARK [1][-]{section.228}{\376\377\000P\000h\000a\000s\000e\000\040\000I\000I\000\040\000S\000t\000e\000p\000\040\0006\000:\000\040\000F\000i\000n\000a\000l\000\040\000P\000o\000C\000\040\000M\000e\000t\000r\000i\000c\000\040\000S\000e\000l\000e\000c\000t\000i\000o\000n}{}% 81
\BOOKMARK [2][-]{subsection.229}{\376\377\000S\000e\000l\000e\000c\000t\000e\000d\000\040\000m\000e\000t\000r\000i\000c}{section.228}% 82
\BOOKMARK [2][-]{subsection.230}{\376\377\000S\000e\000l\000e\000c\000t\000i\000o\000n\000\040\000a\000r\000t\000i\000f\000a\000c\000t\000s}{section.228}% 83
\BOOKMARK [2][-]{subsection.233}{\376\377\000W\000h\000y\000\040\000M\0004\000\040\000i\000s\000\040\000s\000e\000l\000e\000c\000t\000e\000d}{section.228}% 84
\BOOKMARK [2][-]{subsection.236}{\376\377\000A\000n\000a\000l\000y\000s\000i\000s\000\040\000p\000o\000l\000i\000c\000y}{section.228}% 85
\BOOKMARK [2][-]{subsection.237}{\376\377\000P\000o\000C\000\040\000r\000e\000c\000o\000r\000d\000\040\000f\000i\000e\000l\000d\000s}{section.228}% 86
\BOOKMARK [2][-]{subsection.240}{\376\377\000S\000u\000p\000p\000o\000r\000t\000i\000n\000g\000\040\000s\000i\000g\000n\000a\000l\000s\000\040\000r\000e\000t\000a\000i\000n\000e\000d}{section.228}% 87
\BOOKMARK [2][-]{subsection.241}{\376\377\000D\000e\000c\000i\000s\000i\000o\000n\000\040\000b\000o\000u\000n\000d\000a\000r\000y}{section.228}% 88
\BOOKMARK [1][-]{section.242}{\376\377\000P\000l\000a\000n\000n\000e\000d\000\040\000N\000e\000x\000t\000\040\000P\000h\000a\000s\000e\000:\000\040\000B\000a\000s\000e\000l\000i\000n\000e\000\040\000P\000o\000C\000\040\000I\000m\000p\000l\000e\000m\000e\000n\000t\000a\000t\000i\000o\000n}{}% 89
\BOOKMARK [2][-]{subsection.243}{\376\377\000P\000h\000a\000s\000e\000\040\000I\000I\000\040\000e\000x\000e\000c\000u\000t\000i\000o\000n\000\040\000p\000l\000a\000n}{section.242}% 90
\BOOKMARK [2][-]{subsection.249}{\376\377\000D\000e\000c\000i\000s\000i\000o\000n\000\040\000g\000a\000t\000e\000\040\000c\000r\000i\000t\000e\000r\000i\000a}{section.242}% 91
